// Jest Snapshot v1, https://goo.gl/fbAQLP

exports[`ActionList renders consistently 1`] = `
.c1 {
  margin-top: 8px;
  margin-bottom: 8px;
}

.c0 {
  font-size: 14px;
  line-height: 20px;
}

.c0[data-has-active-descendant],
.c0:focus-within {
  --item-hover-bg-override: none;
  --item-hover-divider-border-color-override: hsla(210,18%,87%,1);
}

<div
  className="c0"
>
  <div
    className="c1"
  />
</div>
`;
