// Jest Snapshot v1, https://goo.gl/fbAQLP

exports[`Avatar renders default props 1`] = `
<img
  alt=""
  blacklist={
    Array [
      "css",
      "m",
      "mt",
      "mr",
      "mb",
      "ml",
      "mx",
      "my",
      "p",
      "pt",
      "pr",
      "pb",
      "pl",
      "px",
      "py",
    ]
  }
  className="css-6rzz8m"
  height={20}
  width={20}
/>
`;
