// Jest Snapshot v1, https://goo.gl/fbAQLP

exports[`CheckboxGroup renders consistently 1`] = `
.c0 {
  margin: 0;
  padding: 0;
  border: none;
}

.c1 {
  margin-bottom: 8px;
  padding: 0;
}

.c4 {
  display: -webkit-box;
  display: -webkit-flex;
  display: -ms-flexbox;
  display: flex;
}

.c5 > input {
  margin-left: 0;
  margin-right: 0;
}

.c7 {
  margin-left: 8px;
  display: -webkit-box;
  display: -webkit-flex;
  display: -ms-flexbox;
  display: flex;
  -webkit-flex-direction: column;
  -ms-flex-direction: column;
  flex-direction: column;
}

.c2 {
  display: block;
  font-size: 16px;
}

.c8 {
  font-weight: 600;
  font-size: 14px;
  display: block;
  color: #1F2328;
  cursor: pointer;
  -webkit-align-self: flex-start;
  -ms-flex-item-align: start;
  align-self: flex-start;
}

.c3 {
  display: -webkit-box;
  display: -webkit-flex;
  display: -ms-flexbox;
  display: flex;
  -webkit-flex-direction: column;
  -ms-flex-direction: column;
  flex-direction: column;
  list-style: none;
  margin: 0;
  padding: 0;
}

.c3 > * + * {
  margin-top: 8px;
}

.c6 {
  -webkit-appearance: none;
  -moz-appearance: none;
  appearance: none;
  border-color: #6e7781;
  border-style: solid;
  border-width: 1px;
  cursor: pointer;
  display: grid;
  height: var(--base-size-16,16px);
  margin: 0;
  margin-top: 0.125rem;
  place-content: center;
  position: relative;
  width: var(--base-size-16,16px);
  border-radius: 3px;
  -webkit-transition: background-color,border-color 80ms cubic-bezier(0.33,1,0.68,1);
  transition: background-color,border-color 80ms cubic-bezier(0.33,1,0.68,1);
}

.c6:disabled {
  background-color: var(--color-input-disabled-bg,rgba(175,184,193,0.2));
  border-color: #d0d7de;
}

.c6::before {
  width: var(--base-size-16,16px);
  height: var(--base-size-16,16px);
  visibility: hidden;
  content: '';
  background-color: #ffffff;
  -webkit-transition: visibility 0s linear 230ms;
  transition: visibility 0s linear 230ms;
  -webkit-clip-path: inset(var(--base-size-16,16px) 0 0 0);
  clip-path: inset(var(--base-size-16,16px) 0 0 0);
  -webkit-mask-image: url('data:image/svg+xml;base64,PHN2ZyB3aWR0aD0iMTIiIGhlaWdodD0iOSIgdmlld0JveD0iMCAwIDEyIDkiIGZpbGw9Im5vbmUiIHhtbG5zPSJodHRwOi8vd3d3LnczLm9yZy8yMDAwL3N2ZyI+CjxwYXRoIGZpbGwtcnVsZT0iZXZlbm9kZCIgY2xpcC1ydWxlPSJldmVub2RkIiBkPSJNMTEuNzgwMyAwLjIxOTYyNUMxMS45MjEgMC4zNjA0MjcgMTIgMC41NTEzMDUgMTIgMC43NTAzMTNDMTIgMC45NDkzMjEgMTEuOTIxIDEuMTQwMTkgMTEuNzgwMyAxLjI4MUw0LjUxODYgOC41NDA0MkM0LjM3Nzc1IDguNjgxIDQuMTg2ODIgOC43NiAzLjk4Nzc0IDguNzZDMy43ODg2NyA4Ljc2IDMuNTk3NzMgOC42ODEgMy40NTY4OSA4LjU0MDQyTDAuMjAxNjIyIDUuMjg2MkMwLjA2ODkyNzcgNS4xNDM4MyAtMC4wMDMzMDkwNSA0Ljk1NTU1IDAuMDAwMTE2NDkzIDQuNzYwOThDMC4wMDM1NTIwNSA0LjU2NjQzIDAuMDgyMzg5NCA0LjM4MDgxIDAuMjIwMDMyIDQuMjQzMjFDMC4zNTc2NjUgNC4xMDU2MiAwLjU0MzM1NSA0LjAyNjgxIDAuNzM3OTcgNC4wMjMzOEMwLjkzMjU4NCA0LjAxOTk0IDEuMTIwOTMgNC4wOTIxNyAxLjI2MzM0IDQuMjI0ODJMMy45ODc3NCA2Ljk0ODM1TDEwLjcxODYgMC4yMTk2MjVDMTAuODU5NSAwLjA3ODk5MjMgMTEuMDUwNCAwIDExLjI0OTUgMEMxMS40NDg1IDAgMTEuNjM5NSAwLjA3ODk5MjMgMTEuNzgwMyAwLjIxOTYyNVoiIGZpbGw9IndoaXRlIi8+Cjwvc3ZnPgo=');
  mask-image: url('data:image/svg+xml;base64,PHN2ZyB3aWR0aD0iMTIiIGhlaWdodD0iOSIgdmlld0JveD0iMCAwIDEyIDkiIGZpbGw9Im5vbmUiIHhtbG5zPSJodHRwOi8vd3d3LnczLm9yZy8yMDAwL3N2ZyI+CjxwYXRoIGZpbGwtcnVsZT0iZXZlbm9kZCIgY2xpcC1ydWxlPSJldmVub2RkIiBkPSJNMTEuNzgwMyAwLjIxOTYyNUMxMS45MjEgMC4zNjA0MjcgMTIgMC41NTEzMDUgMTIgMC43NTAzMTNDMTIgMC45NDkzMjEgMTEuOTIxIDEuMTQwMTkgMTEuNzgwMyAxLjI4MUw0LjUxODYgOC41NDA0MkM0LjM3Nzc1IDguNjgxIDQuMTg2ODIgOC43NiAzLjk4Nzc0IDguNzZDMy43ODg2NyA4Ljc2IDMuNTk3NzMgOC42ODEgMy40NTY4OSA4LjU0MDQyTDAuMjAxNjIyIDUuMjg2MkMwLjA2ODkyNzcgNS4xNDM4MyAtMC4wMDMzMDkwNSA0Ljk1NTU1IDAuMDAwMTE2NDkzIDQuNzYwOThDMC4wMDM1NTIwNSA0LjU2NjQzIDAuMDgyMzg5NCA0LjM4MDgxIDAuMjIwMDMyIDQuMjQzMjFDMC4zNTc2NjUgNC4xMDU2MiAwLjU0MzM1NSA0LjAyNjgxIDAuNzM3OTcgNC4wMjMzOEMwLjkzMjU4NCA0LjAxOTk0IDEuMTIwOTMgNC4wOTIxNyAxLjI2MzM0IDQuMjI0ODJMMy45ODc3NCA2Ljk0ODM1TDEwLjcxODYgMC4yMTk2MjVDMTAuODU5NSAwLjA3ODk5MjMgMTEuMDUwNCAwIDExLjI0OTUgMEMxMS40NDg1IDAgMTEuNjM5NSAwLjA3ODk5MjMgMTEuNzgwMyAwLjIxOTYyNVoiIGZpbGw9IndoaXRlIi8+Cjwvc3ZnPgo=');
  -webkit-mask-size: 75%;
  mask-size: 75%;
  -webkit-mask-repeat: no-repeat;
  mask-repeat: no-repeat;
  -webkit-mask-position: center;
  mask-position: center;
  -webkit-animation: checkmarkOut 80ms cubic-bezier(0.65,0,0.35,1) forwards;
  animation: checkmarkOut 80ms cubic-bezier(0.65,0,0.35,1) forwards;
}

.c6:checked,
.c6:indeterminate {
  background: #0969da;
  border-color: #0969da;
}

.c6:checked::before,
.c6:indeterminate::before {
  -webkit-animation: checkmarkIn 80ms cubic-bezier(0.65,0,0.35,1) forwards 80ms;
  animation: checkmarkIn 80ms cubic-bezier(0.65,0,0.35,1) forwards 80ms;
}

.c6:checked {
  -webkit-transition: background-color,border-color 80ms cubic-bezier(0.32,0,0.67,0) 0ms;
  transition: background-color,border-color 80ms cubic-bezier(0.32,0,0.67,0) 0ms;
}

.c6:checked::before {
  visibility: visible;
  -webkit-transition: visibility 0s linear 0s;
  transition: visibility 0s linear 0s;
}

.c6:checked:disabled {
  cursor: not-allowed;
  background-color: #656d76;
  border-color: #656d76;
  opacity: 1;
}

.c6:checked:disabled::before {
  background-color: #ffffff;
}

.c6:indeterminate {
  background: #0969da;
}

.c6:indeterminate::before {
  -webkit-mask-image: url('data:image/svg+xml;base64,PHN2ZyB3aWR0aD0iMTAiIGhlaWdodD0iMiIgdmlld0JveD0iMCAwIDEwIDIiIGZpbGw9Im5vbmUiIHhtbG5zPSJodHRwOi8vd3d3LnczLm9yZy8yMDAwL3N2ZyI+CjxwYXRoIGZpbGwtcnVsZT0iZXZlbm9kZCIgY2xpcC1ydWxlPSJldmVub2RkIiBkPSJNMCAxQzAgMC40NDc3MTUgMC40NDc3MTUgMCAxIDBIOUM5LjU1MjI5IDAgMTAgMC40NDc3MTUgMTAgMUMxMCAxLjU1MjI4IDkuNTUyMjkgMiA5IDJIMUMwLjQ0NzcxNSAyIDAgMS41NTIyOCAwIDFaIiBmaWxsPSJ3aGl0ZSIvPgo8L3N2Zz4K');
  mask-image: url('data:image/svg+xml;base64,PHN2ZyB3aWR0aD0iMTAiIGhlaWdodD0iMiIgdmlld0JveD0iMCAwIDEwIDIiIGZpbGw9Im5vbmUiIHhtbG5zPSJodHRwOi8vd3d3LnczLm9yZy8yMDAwL3N2ZyI+CjxwYXRoIGZpbGwtcnVsZT0iZXZlbm9kZCIgY2xpcC1ydWxlPSJldmVub2RkIiBkPSJNMCAxQzAgMC40NDc3MTUgMC40NDc3MTUgMCAxIDBIOUM5LjU1MjI5IDAgMTAgMC40NDc3MTUgMTAgMUMxMCAxLjU1MjI4IDkuNTUyMjkgMiA5IDJIMUMwLjQ0NzcxNSAyIDAgMS41NTIyOCAwIDFaIiBmaWxsPSJ3aGl0ZSIvPgo8L3N2Zz4K');
  visibility: visible;
}

.c6:focus:not(:disabled) {
  box-shadow: none;
  outline: 2px solid #0969da;
  outline-offset: 2px;
}

.c6:focus:not(:disabled):not(:focus-visible) {
  outline: solid 1px transparent;
}

.c6:focus-visible:not(:disabled) {
  box-shadow: none;
  outline: 2px solid #0969da;
  outline-offset: 2px;
}

@media (forced-colors:active) {
  .c6:checked {
    background-color: canvastext;
    border-color: canvastext;
  }
}

<div>
  <fieldset
    className="c0"
    disabled={false}
  >
    <legend
      className="c1"
    >
      <span
        className="c2"
      >
        Choices
      </span>
    </legend>
    <div
      className="c3"
    >
      <div
        className="c4"
        display="flex"
      >
        <div
          className="c5"
        >
          <input
            aria-checked="false"
            aria-invalid="false"
            aria-required="false"
            className="c6"
            id="react-aria-2"
            name="one"
            onChange={[Function]}
            type="checkbox"
            value="one"
          />
        </div>
        <div
          className="c7"
          display="flex"
        >
          <label
            className="c8"
            htmlFor="react-aria-2"
          >
            Choice one
          </label>
        </div>
      </div>
      <div
        className="c4"
        display="flex"
      >
        <div
          className="c5"
        >
          <input
            aria-checked="false"
            aria-invalid="false"
            aria-required="false"
            className="c6"
            id="react-aria-3"
            name="two"
            onChange={[Function]}
            type="checkbox"
            value="two"
          />
        </div>
        <div
          className="c7"
          display="flex"
        >
          <label
            className="c8"
            htmlFor="react-aria-3"
          >
            Choice two
          </label>
        </div>
      </div>
      <div
        className="c4"
        display="flex"
      >
        <div
          className="c5"
        >
          <input
            aria-checked="false"
            aria-invalid="false"
            aria-required="false"
            className="c6"
            id="react-aria-4"
            name="three"
            onChange={[Function]}
            type="checkbox"
            value="three"
          />
        </div>
        <div
          className="c7"
          display="flex"
        >
          <label
            className="c8"
            htmlFor="react-aria-4"
          >
            Choice three
          </label>
        </div>
      </div>
    </div>
  </fieldset>
</div>
`;
