// Jest Snapshot v1, https://goo.gl/fbAQLP

exports[`CheckboxOrRadioGroup renders consistently 1`] = `
.c0 {
  margin: 0;
  padding: 0;
  border: none;
}

.c1 {
  margin-bottom: 8px;
  padding: 0;
}

.c4 {
  display: -webkit-box;
  display: -webkit-flex;
  display: -ms-flexbox;
  display: flex;
}

.c5 > input {
  margin-left: 0;
  margin-right: 0;
}

.c7 {
  margin-left: 8px;
  display: -webkit-box;
  display: -webkit-flex;
  display: -ms-flexbox;
  display: flex;
  -webkit-flex-direction: column;
  -ms-flex-direction: column;
  flex-direction: column;
}

.c2 {
  display: block;
  font-size: 16px;
}

.c8 {
  font-weight: 600;
  font-size: 14px;
  display: block;
  color: var(--fgColor-default,var(--color-fg-default,#1F2328));
  cursor: pointer;
  -webkit-align-self: flex-start;
  -ms-flex-item-align: start;
  align-self: flex-start;
}

.c3 {
  display: -webkit-box;
  display: -webkit-flex;
  display: -ms-flexbox;
  display: flex;
  -webkit-flex-direction: column;
  -ms-flex-direction: column;
  flex-direction: column;
  list-style: none;
  margin: 0;
  padding: 0;
}

.c3 > * + * {
  margin-top: 8px;
}

.c6 {
  -webkit-appearance: none;
  -moz-appearance: none;
  appearance: none;
  border-color: var(--bgColor-neutral-emphasis,var(--color-neutral-emphasis,#6e7781));
  border-style: solid;
  border-width: 1px;
  cursor: pointer;
  display: grid;
  height: var(--base-size-16,16px);
  margin: 0;
  margin-top: 0.125rem;
  place-content: center;
  position: relative;
  width: var(--base-size-16,16px);
  border-radius: var(--borderRadius-full,100vh);
  -webkit-transition: background-color,border-color 80ms cubic-bezier(0.33,1,0.68,1);
  transition: background-color,border-color 80ms cubic-bezier(0.33,1,0.68,1);
}

.c6:disabled {
  background-color: var(--color-input-disabled-bg,rgba(175,184,193,0.2));
  border-color: var(--borderColor-default,var(--color-border-default,#d0d7de));
}

.c6:checked {
  border-color: var(--fgColor-accent,var(--color-accent-fg,#0969da));
  border-width: var(--base-size-4,4px);
}

.c6:checked:disabled {
  cursor: not-allowed;
  border-color: var(--fgColor-muted,var(--color-fg-muted,#656d76));
}

.c6:focus:not(:disabled) {
  box-shadow: none;
  outline: 2px solid var(--fgColor-accent,var(--color-accent-fg,#0969da));
  outline-offset: 2px;
}

.c6:focus:not(:disabled):not(:focus-visible) {
  outline: solid 1px transparent;
}

.c6:focus-visible:not(:disabled) {
  box-shadow: none;
  outline: 2px solid var(--fgColor-accent,var(--color-accent-fg,#0969da));
  outline-offset: 2px;
}

@media (forced-colors:active) {
  .c6 {
    background-color: canvastext;
    border-color: canvastext;
  }
}

<div>
  <fieldset
    className="c0"
    disabled={false}
  >
    <legend
      className="c1"
    >
      <span
        className="c2"
      >
        Choices
      </span>
    </legend>
    <div
      className="c3"
    >
      <div
        className="c4"
        display="flex"
      >
        <div
          className="c5"
        >
          <input
            aria-checked="false"
            aria-invalid="false"
            aria-required="false"
            className="c6"
            id=":r1:"
            name="radioInput"
            onChange={[Function]}
            type="radio"
            value="choiceOne"
          />
        </div>
        <div
          className="c7"
          display="flex"
        >
          <label
            className="c8"
            htmlFor=":r1:"
          >
            Choice one
          </label>
        </div>
      </div>
      <div
        className="c4"
        display="flex"
      >
        <div
          className="c5"
        >
          <input
            aria-checked="false"
            aria-invalid="false"
            aria-required="false"
            className="c6"
            id=":r2:"
            name="radioInput"
            onChange={[Function]}
            type="radio"
            value="choiceTwo"
          />
        </div>
        <div
          className="c7"
          display="flex"
        >
          <label
            className="c8"
            htmlFor=":r2:"
          >
            Choice two
          </label>
        </div>
      </div>
      <div
        className="c4"
        display="flex"
      >
        <div
          className="c5"
        >
          <input
            aria-checked="false"
            aria-invalid="false"
            aria-required="false"
            className="c6"
            id=":r3:"
            name="radioInput"
            onChange={[Function]}
            type="radio"
            value="choiceThree"
          />
        </div>
        <div
          className="c7"
          display="flex"
        >
          <label
            className="c8"
            htmlFor=":r3:"
          >
            Choice three
          </label>
        </div>
      </div>
    </div>
  </fieldset>
</div>
`;
