// Jest Snapshot v1, https://goo.gl/fbAQLP

exports[`CheckboxOrRadioGroup renders consistently 1`] = `
.c0 {
  margin: 0;
  padding: 0;
  border: none;
}

.c1 {
  margin-bottom: 8px;
  padding: 0;
}

.c4 {
  display: -webkit-box;
  display: -webkit-flex;
  display: -ms-flexbox;
  display: flex;
}

.c5 > input {
  margin-left: 0;
  margin-right: 0;
}

.c2 {
  display: block;
  font-size: 16px;
}

.c7 {
  font-weight: 600;
  font-size: 14px;
  display: block;
  color: #24292f;
  cursor: pointer;
  -webkit-align-self: flex-start;
  -ms-flex-item-align: start;
  align-self: flex-start;
}

.c3 {
  display: -webkit-box;
  display: -webkit-flex;
  display: -ms-flexbox;
  display: flex;
  -webkit-flex-direction: column;
  -ms-flex-direction: column;
  flex-direction: column;
  list-style: none;
  margin: 0;
  padding: 0;
}

.c3 > * + * {
  margin-top: 8px;
}

.c6 {
  cursor: pointer;
}

.c6:focus:not(:disabled) {
  box-shadow: none;
  outline: 2px solid #0969da;
  outline-offset: 0;
}

.c6:focus:not(:disabled):not(:focus-visible) {
  outline: solid 1px transparent;
}

.c6:focus-visible:not(:disabled) {
  box-shadow: none;
  outline: 2px solid #0969da;
  outline-offset: 0;
}

<div>
  <fieldset
    className="c0"
    disabled={false}
  >
    <legend
      className="c1"
    >
      <span
        className="c2"
      >
        Choices
      </span>
    </legend>
    <div
      className="c3"
    >
      <div
        className="c4"
        display="flex"
      >
        <div
          className="c5"
        >
          <input
            aria-checked="false"
            aria-disabled="false"
            aria-invalid="false"
            aria-required="false"
            className="c6"
            id="react-aria-2"
            name="radioInput"
            onChange={[Function]}
            type="radio"
            value="choiceOne"
          />
        </div>
        <label
          className="c7"
          htmlFor="react-aria-2"
        >
          Choice one
        </label>
      </div>
      <div
        className="c4"
        display="flex"
      >
        <div
          className="c5"
        >
          <input
            aria-checked="false"
            aria-disabled="false"
            aria-invalid="false"
            aria-required="false"
            className="c6"
            id="react-aria-3"
            name="radioInput"
            onChange={[Function]}
            type="radio"
            value="choiceTwo"
          />
        </div>
        <label
          className="c7"
          htmlFor="react-aria-3"
        >
          Choice two
        </label>
      </div>
      <div
        className="c4"
        display="flex"
      >
        <div
          className="c5"
        >
          <input
            aria-checked="false"
            aria-disabled="false"
            aria-invalid="false"
            aria-required="false"
            className="c6"
            id="react-aria-4"
            name="radioInput"
            onChange={[Function]}
            type="radio"
            value="choiceThree"
          />
        </div>
        <label
          className="c7"
          htmlFor="react-aria-4"
        >
          Choice three
        </label>
      </div>
    </div>
  </fieldset>
</div>
`;
