// Jest Snapshot v1, https://goo.gl/fbAQLP

exports[`CircleBadge respects "is" prop 1`] = `
.emotion-0 {
  width: 96px;
  height: 96px;
}

<a
  blacklist={
    Array [
      "color",
      "bg",
      "m",
      "mt",
      "mr",
      "mb",
      "ml",
      "mx",
      "my",
      "p",
      "pt",
      "pr",
      "pb",
      "pl",
      "px",
      "py",
      "css",
    ]
  }
  className="emotion-0 CircleBadge"
/>
`;
