// Jest Snapshot v1, https://goo.gl/fbAQLP

exports[`CircleBadge respects "as" prop 1`] = `
.c0 {
  display: -webkit-box;
  display: -webkit-flex;
  display: -ms-flexbox;
  display: flex;
  -webkit-align-items: center;
  -webkit-box-align: center;
  -ms-flex-align: center;
  align-items: center;
  -webkit-box-pack: center;
  -webkit-justify-content: center;
  -ms-flex-pack: center;
  justify-content: center;
  background-color: #fff;
  border-radius: 50%;
  box-shadow: 0 1px 5px rgba(27,31,35,0.15);
  width: medium;
  height: medium;
  width: 96px;
  height: 96px;
}

<a
  className="c0"
  size="medium"
/>
`;
