// Jest Snapshot v1, https://goo.gl/fbAQLP

exports[`DatePicker renders consistently 1`] = `
.c1 {
  color: #57606a;
  margin-top: 2px;
  margin-bottom: 2px;
}

.c0 {
  position: relative;
  display: inline-block;
  padding: 6px 16px;
  font-family: inherit;
  font-weight: 600;
  line-height: 20px;
  white-space: nowrap;
  vertical-align: middle;
  cursor: pointer;
  -webkit-user-select: none;
  -moz-user-select: none;
  -ms-user-select: none;
  user-select: none;
  border-radius: 6px;
  -webkit-appearance: none;
  -moz-appearance: none;
  appearance: none;
  -webkit-text-decoration: none;
  text-decoration: none;
  text-align: center;
  font-size: 14px;
  color: #24292f;
  background-color: #f6f8fa;
  border: 1px solid rgba(27,31,36,0.15);
  box-shadow: 0 1px 0 rgba(27,31,36,0.04),inset 0 1px 0 rgba(255,255,255,0.25);
  -webkit-align-items: center;
  -webkit-box-align: center;
  -ms-flex-align: center;
  align-items: center;
  display: -webkit-box;
  display: -webkit-flex;
  display: -ms-flexbox;
  display: flex;
  -webkit-flex-direction: row;
  -ms-flex-direction: row;
  flex-direction: row;
  -webkit-box-pack: justify;
  -webkit-justify-content: space-between;
  -ms-flex-pack: justify;
  justify-content: space-between;
}

.c0:hover {
  -webkit-text-decoration: none;
  text-decoration: none;
}

.c0:focus {
  outline: none;
}

.c0:disabled {
  cursor: default;
}

.c0:disabled svg {
  opacity: 0.6;
}

.c0:hover {
  background-color: #f3f4f6;
  border-color: rgba(27,31,36,0.15);
}

.c0:focus {
  border-color: rgba(27,31,36,0.15);
  box-shadow: 0 0 0 3px rgba(9,105,218,0.3);
}

.c0:active {
  background-color: hsla(220,14%,94%,1);
  box-shadow: inset 0 0.15em 0.3em rgba(27,31,36,0.15);
}

.c0:disabled {
  color: #57606a;
  background-color: #f6f8fa;
  border-color: rgba(27,31,36,0.15);
}

.c0 .c2 {
  margin-left: 8px;
}

<button
  className="c0"
  onClick={[Function]}
  onKeyPress={[Function]}
>
  <svg
    aria-hidden="true"
    className="c1"
    dangerouslySetInnerHTML={
      Object {
        "__html": "<path fill-rule=\\"evenodd\\" d=\\"M4.75 0a.75.75 0 01.75.75V2h5V.75a.75.75 0 011.5 0V2h1.25c.966 0 1.75.784 1.75 1.75v10.5A1.75 1.75 0 0113.25 16H2.75A1.75 1.75 0 011 14.25V3.75C1 2.784 1.784 2 2.75 2H4V.75A.75.75 0 014.75 0zm0 3.5h8.5a.25.25 0 01.25.25V6h-11V3.75a.25.25 0 01.25-.25h2zm-2.25 4v6.75c0 .138.112.25.25.25h10.5a.25.25 0 00.25-.25V7.5h-11z\\"></path>",
      }
    }
    fill="currentColor"
    height={16}
    role="img"
    style={
      Object {
        "display": "inline-block",
        "userSelect": "none",
        "verticalAlign": "text-bottom",
      }
    }
    viewBox="0 0 16 16"
    width={16}
  />
  <span
    className="c2 "
  >
    Select a Date...
  </span>
</button>
`;
