// Jest Snapshot v1, https://goo.gl/fbAQLP

exports[`Dropdown matches the snapshots 1`] = `
.c0 {
  display: -webkit-box;
  display: -webkit-flex;
  display: -ms-flexbox;
  display: flex;
}

<div
  blacklist={
    Array [
      "css",
      "color",
      "bg",
      "m",
      "mt",
      "mr",
      "mb",
      "ml",
      "mx",
      "my",
      "p",
      "pt",
      "pr",
      "pb",
      "pl",
      "px",
      "py",
    ]
  }
  className="css-0 BtnGroup"
>
  <div
    className="BtnGroup-form c0"
    display="flex"
    is={[Function]}
  />
</div>
`;

exports[`Dropdown matches the snapshots 2`] = `
.c0 {
  display: -webkit-box;
  display: -webkit-flex;
  display: -ms-flexbox;
  display: flex;
}

<div
  blacklist={
    Array [
      "css",
      "color",
      "bg",
      "m",
      "mt",
      "mr",
      "mb",
      "ml",
      "mx",
      "my",
      "p",
      "pt",
      "pr",
      "pb",
      "pl",
      "px",
      "py",
    ]
  }
  className="css-0 BtnGroup"
>
  <div
    className="BtnGroup-form c0"
    display="flex"
    is={[Function]}
  />
</div>
`;
