// Jest Snapshot v1, https://goo.gl/fbAQLP

exports[`FilteredSearch renders consistently 1`] = `
.c0 {
  display: -webkit-box;
  display: -webkit-flex;
  display: -ms-flexbox;
  display: flex;
  -webkit-align-items: stretch;
  -webkit-box-align: stretch;
  -ms-flex-align: stretch;
  align-items: stretch;
}

.c0 summary {
  border-radius: 0;
  border-top-left-radius: 6px;
  border-bottom-left-radius: 6px;
  border-right: 0;
}

.c0 .TextInput-wrapper {
  border-radius: 0;
  border-top-right-radius: 6px;
  border-bottom-right-radius: 6px;
  z-index: 1;
}

<div
  className="c0"
/>
`;
