// Jest Snapshot v1, https://goo.gl/fbAQLP

exports[`LabelGroup renders consistently 1`] = `
.c0 {
  display: -webkit-box;
  display: -webkit-flex;
  display: -ms-flexbox;
  display: flex;
  -webkit-flex-wrap: nowrap;
  -ms-flex-wrap: nowrap;
  flex-wrap: nowrap;
  gap: 4px;
  line-height: 1;
  max-width: 100%;
  overflow: hidden;
}

.c0[data-overflow='inline'] {
  -webkit-flex-wrap: wrap;
  -ms-flex-wrap: wrap;
  flex-wrap: wrap;
}

<div
  className="c0"
  data-overflow="inline"
/>
`;
