// Jest Snapshot v1, https://goo.gl/fbAQLP

exports[`Radio renders consistently 1`] = `
.c0 {
  -webkit-appearance: none;
  -moz-appearance: none;
  appearance: none;
  border-color: #6e7781;
  border-style: solid;
  border-width: 1px;
  cursor: pointer;
  display: grid;
  height: var(--base-size-16,16px);
  margin: 0;
  margin-top: 0.125rem;
  place-content: center;
  position: relative;
  width: var(--base-size-16,16px);
  border-radius: var(--primer-borderRadius-full,100vh);
  -webkit-transition: background-color,border-color 80ms cubic-bezier(0.33,1,0.68,1);
  transition: background-color,border-color 80ms cubic-bezier(0.33,1,0.68,1);
}

.c0:disabled {
  background-color: var(--color-input-disabled-bg,rgba(175,184,193,0.2));
  border-color: #d0d7de;
}

.c0:checked {
  border-color: #0969da;
  border-width: var(--base-size-4,4px);
}

.c0:checked:disabled {
  cursor: not-allowed;
  border-color: #57606a;
}

.c0:focus:not(:disabled) {
  box-shadow: none;
  outline: 2px solid #0969da;
  outline-offset: 2px;
}

.c0:focus:not(:disabled):not(:focus-visible) {
  outline: solid 1px transparent;
}

.c0:focus-visible:not(:disabled) {
  box-shadow: none;
  outline: 2px solid #0969da;
  outline-offset: 2px;
}

@media (forced-colors:active) {
  .c0 {
    background-color: canvastext;
    border-color: canvastext;
  }
}

<input
  aria-checked="false"
  aria-invalid="false"
  aria-required="false"
  className="c0"
  name="mock"
  onChange={[Function]}
  type="radio"
  value="mock value"
/>
`;
