// Jest Snapshot v1, https://goo.gl/fbAQLP

exports[`Radio renders consistently 1`] = `
.c0 {
  cursor: pointer;
}

.c0:focus:not(:disabled) {
  box-shadow: none;
  outline: 2px solid #0969da;
  outline-offset: 0;
}

.c0:focus:not(:disabled):not(:focus-visible) {
  outline: solid 1px transparent;
}

.c0:focus-visible:not(:disabled) {
  box-shadow: none;
  outline: 2px solid #0969da;
  outline-offset: 0;
}

<input
  aria-checked="false"
  aria-disabled="false"
  aria-invalid="false"
  aria-required="false"
  className="c0"
  name="mock"
  onChange={[Function]}
  type="radio"
  value="mock value"
/>
`;
