// Jest Snapshot v1, https://goo.gl/fbAQLP

exports[`SegmentedControl renders consistently 1`] = `
.c0 {
  background-color: #eaeef2;
  border-color: #d0d7de;
  border-radius: 6px;
  border-style: solid;
  border-width: 1px;
  display: -webkit-inline-box;
  display: -webkit-inline-flex;
  display: -ms-inline-flexbox;
  display: inline-flex;
  height: 32px;
}

<div
  className="c0"
  role="group"
/>
`;
