// Jest Snapshot v1, https://goo.gl/fbAQLP

exports[`SelectPanel renders consistently 1`] = `
.c0 {
  font-family: -apple-system,BlinkMacSystemFont,"Segoe UI",Helvetica,Arial,sans-serif,"Apple Color Emoji","Segoe UI Emoji";
  line-height: 1.5;
  color: #24292e;
}

.c1 {
  position: relative;
  display: inline-block;
  padding: 6px 16px;
  font-family: inherit;
  font-weight: 600;
  line-height: 20px;
  white-space: nowrap;
  vertical-align: middle;
  cursor: pointer;
  -webkit-user-select: none;
  -moz-user-select: none;
  -ms-user-select: none;
  user-select: none;
  border-radius: 6px;
  -webkit-appearance: none;
  -moz-appearance: none;
  appearance: none;
  -webkit-text-decoration: none;
  text-decoration: none;
  text-align: center;
  font-size: 14px;
  color: #24292e;
  background-color: #fafbfc;
  border: 1px solid rgba(27,31,35,0.15);
  box-shadow: 0 1px 0 rgba(27,31,35,0.04),inset 0 1px 0 rgba(255,255,255,0.25);
}

.c1:hover {
  -webkit-text-decoration: none;
  text-decoration: none;
}

.c1:focus {
  outline: none;
}

.c1:disabled {
  cursor: default;
}

.c1:disabled svg {
  opacity: 0.6;
}

.c1:hover {
  background-color: #f3f4f6;
  border-color: rgba(27,31,35,0.15);
}

.c1:focus {
  border-color: rgba(27,31,35,0.15);
  box-shadow: 0 0 0 3px rgba(3,102,214,0.3);
}

.c1:active {
  background-color: #edeff2;
  box-shadow: inset 0 0.15em 0.3em rgba(27,31,35,0.15);
}

.c1:disabled {
  color: #959da5;
  background-color: #fafbfc;
  border-color: rgba(27,31,35,0.15);
}

.c2 {
  margin-left: 4px;
}

<div
  className="c0"
  color="text.primary"
  data-portal-root={true}
  fontFamily="normal"
>
  <button
    aria-haspopup="listbox"
    aria-labelledby="__primer_id_10000"
    className="c1"
    id="__primer_id_10000"
    onClick={[Function]}
    onKeyDown={[Function]}
    tabIndex={0}
  >
    Select Items
    <svg
      aria-hidden="true"
      className="c2"
      dangerouslySetInnerHTML={
        Object {
          "__html": "<path d=\\"M4.427 7.427l3.396 3.396a.25.25 0 00.354 0l3.396-3.396A.25.25 0 0011.396 7H4.604a.25.25 0 00-.177.427z\\"></path>",
        }
      }
      fill="currentColor"
      height={16}
      role="img"
      style={
        Object {
          "display": "inline-block",
          "userSelect": "none",
          "verticalAlign": "text-bottom",
        }
      }
      viewBox="0 0 16 16"
      width={16}
    />
  </button>
  <div
    id="portal-root"
  />
</div>
`;
