// Jest Snapshot v1, https://goo.gl/fbAQLP

exports[`PageHeader renders default layout 1`] = `
.c0 {
  display: -webkit-box;
  display: -webkit-flex;
  display: -ms-flexbox;
  display: flex;
  -webkit-flex-direction: column;
  -ms-flex-direction: column;
  flex-direction: column;
  gap: 0.5rem;
}

.c1 {
  display: -webkit-box;
  display: -webkit-flex;
  display: -ms-flexbox;
  display: flex;
  -webkit-flex-direction: row;
  -ms-flex-direction: row;
  flex-direction: row;
  -webkit-align-items: center;
  -webkit-box-align: center;
  -ms-flex-align: center;
  align-items: center;
  gap: 0.5rem;
  -webkit-order: 0;
  -ms-flex-order: 0;
  order: 0;
}

.c2 {
  display: -webkit-box;
  display: -webkit-flex;
  display: -ms-flexbox;
  display: flex;
  gap: 0.5rem;
  -webkit-order: 1;
  -ms-flex-order: 1;
  order: 1;
  -webkit-flex-direction: row;
  -ms-flex-direction: row;
  flex-direction: row;
  -webkit-align-items: flex-start;
  -webkit-box-align: flex-start;
  -ms-flex-align: flex-start;
  align-items: flex-start;
}

.c3 {
  display: -webkit-box;
  display: -webkit-flex;
  display: -ms-flexbox;
  display: flex;
  -webkit-order: 2;
  -ms-flex-order: 2;
  order: 2;
  -webkit-flex-direction: row;
  -ms-flex-direction: row;
  flex-direction: row;
  -webkit-align-items: center;
  -webkit-box-align: center;
  -ms-flex-align: center;
  align-items: center;
  gap: 0.5rem;
}

.c4 {
  display: block;
  -webkit-order: 3;
  -ms-flex-order: 3;
  order: 3;
}

@media screen and (max-width:calc(768px - 0.02px)) {
  .c1 {
    display: -webkit-box;
    display: -webkit-flex;
    display: -ms-flexbox;
    display: flex;
  }
}

@media screen and (min-width:768px) {
  .c1 {
    display: none;
  }
}

<div>
  <div
    class="c0"
  >
    <div
      class="c1"
    >
      ContextArea
    </div>
    <div
      class="c2"
    >
      TitleArea
    </div>
    <div
      class="c3"
    >
      Description
    </div>
    <div
      class="c4"
    >
      Navigation
    </div>
  </div>
</div>
`;
