// Jest Snapshot v1, https://goo.gl/fbAQLP

exports[`ActionList renders consistently 1`] = `
.c1 {
  margin-top: 8px;
  margin-bottom: 8px;
}

.c0 {
  font-size: 14px;
  line-height: 20px;
}

.c0[data-has-active-descendant],
.c0:focus-within {
  --item-hover-bg-override: none;
  --item-hover-divider-border-color-override: var(--borderColor-muted,var(--color-border-muted,hsla(210,18%,87%,1)));
}

<div
  className="c0"
>
  <div
    className="c1"
  />
</div>
`;

exports[`ActionList.Item renders consistently 1`] = `
.c3 {
  display: -webkit-box;
  display: -webkit-flex;
  display: -ms-flexbox;
  display: flex;
  min-width: 0;
  position: relative;
  -webkit-box-flex: 1;
  -webkit-flex-grow: 1;
  -ms-flex-positive: 1;
  flex-grow: 1;
}

.c4 {
  -webkit-align-items: baseline;
  -webkit-box-align: baseline;
  -ms-flex-align: baseline;
  align-items: baseline;
  display: -webkit-box;
  display: -webkit-flex;
  display: -ms-flexbox;
  display: flex;
  min-width: 0;
  -webkit-flex-direction: var(--main-content-flex-direction);
  -ms-flex-direction: var(--main-content-flex-direction);
  flex-direction: var(--main-content-flex-direction);
  -webkit-box-flex: 1;
  -webkit-flex-grow: 1;
  -ms-flex-positive: 1;
  flex-grow: 1;
}

.c1 {
  padding: 6px 8px;
  display: -webkit-box;
  display: -webkit-flex;
  display: -ms-flexbox;
  display: flex;
  border-radius: 6px;
  color: var(--fgColor-default,var(--color-fg-default,#1F2328));
  -webkit-transition: background 33.333ms linear;
  transition: background 33.333ms linear;
  -webkit-text-decoration: none;
  text-decoration: none;
}

.c1:not(:first-of-type):not(.Divider__StyledDivider-sc-1s7tlfq-0 + .c0):not(.Header__StyledHeader-sc-cjezay-0 + .c0) {
  margin-top: 0;
}

.c1:not(:first-of-type):not(.Divider__StyledDivider-sc-1s7tlfq-0 + .c0):not(.Header__StyledHeader-sc-cjezay-0 + .c0) .c2::before {
  content: ' ';
  display: block;
  position: absolute;
  width: 100%;
  top: -7px;
  border: 0 solid var(--borderColor-muted,var(--color-border-muted,hsla(210,18%,87%,1)));
  border-top-width: 0;
}

.c1:hover .c2::before,
.c1:hover + * .c2::before {
  border-color: var(--item-hover-divider-border-color-override,transparent) !important;
}

.c1:focus .c2::before,
.c1:focus + * .c2::before,
.c1[data-is-active-descendant] .c2::before,
[data-is-active-descendant] + .c1 .c2::before {
  border-color: transparent !important;
}

.c1[data-is-active-descendant='activated-directly'] {
  background: var(--control-transparent-bgColor-active,var(--color-action-list-item-default-active-bg,rgba(208,215,222,0.48)));
}

.c1[data-is-active-descendant='activated-indirectly'] {
  background: var(--control-transparent-bgColor-hover,var(--color-action-list-item-default-hover-bg,rgba(208,215,222,0.32)));
}

.c1:focus {
  background: var(--control-transparent-bgColor-active,var(--color-action-list-item-default-active-bg,rgba(208,215,222,0.48)));
  outline: none;
}

.c1:active {
  background: var(--control-transparent-bgColor-active,var(--color-action-list-item-default-active-bg,rgba(208,215,222,0.48)));
}

@media (hover:hover) and (pointer:fine) {
  .c1:hover {
    background: var( --item-hover-bg-override,var(--control-transparent-bgColor-hover,var(--color-action-list-item-default-hover-bg,rgba(208,215,222,0.32))) );
    cursor: pointer;
  }
}

<div
  className="c0 c1"
  onClick={[Function]}
  onKeyPress={[Function]}
  tabIndex={-1}
>
  <div
    className="c2 c3"
  >
    <div
      className="c4"
      style={
        {
          "--main-content-flex-direction": "row",
        }
      }
    />
  </div>
</div>
`;
