// Jest Snapshot v1, https://goo.gl/fbAQLP

exports[`Flash renders consistently 1`] = `
.c0 {
  position: relative;
  color: var(--fgColor-default,var(--color-fg-default,#1F2328));
  padding: 16px;
  border-style: solid;
  border-width: 1px;
  border-radius: 6px;
  margin-top: 0;
  color: var(--fgColor-default,var(--color-fg-default,#1F2328));
  background-color: var(--bgColor-accent-muted,var(--color-accent-subtle,#ddf4ff));
  border-color: var(--borderColor-accent-muted,var(--color-accent-muted,rgba(84,174,255,0.4)));
}

.c0 p:last-child {
  margin-bottom: 0;
}

.c0 svg {
  margin-right: 8px;
}

.c0 svg {
  color: var(--fgColor-accent,var(--color-accent-fg,#0969da));
}

<div
  className="c0"
/>
`;
